// Jest Snapshot v1, https://goo.gl/fbAQLP

exports[`renders correctly 1`] = `
<footer
  className="footer"
>
  <span
    className="MuiTypography-root MuiTypography-caption css-1sn4lm3-MuiTypography-root"
  >
    Bookap 2022
  </span>
</footer>
`;
